// Jest Snapshot v1, https://goo.gl/fbAQLP

exports[`should render dashboard 1`] = `
<div>
  this is 404 page - 
  <Link
    replace={false}
    to="/"
  >
    Go Home
  </Link>
</div>
`;
